
> askclaw.dev-astro@0.1.0 build
> astro build

08:58:14 [types] Generated 41ms
08:58:14 [build] output: "static"
08:58:14 [build] mode: "static"
08:58:14 [build] directory: /home/computebox/2609/askclaw.dev-astro/dist/
08:58:14 [build] Collecting build info...
08:58:14 [build] ✓ Completed in 88ms.
08:58:14 [build] Building static entrypoints...
08:58:14 [vite] ✓ built in 166ms
08:58:14 [vite] ✓ built in 22ms
08:58:14 [build] Rearranging server assets...

 generating static routes 
08:58:14   ├─ /en/index.html (+8ms) 
08:58:14   ├─ /method/index.html (+3ms) 
08:58:14   ├─ /rank/index.html (+2ms) 
08:58:14   ├─ /index.html (+3ms) 
08:58:14 ✓ Completed in 23ms.

08:58:14 [build] ✓ Completed in 235ms.
08:58:14 [@astrojs/sitemap] `sitemap-index.xml` created at `dist`
08:58:14 [build] 4 page(s) built in 333ms
08:58:14 [build] Complete!
