.d..t...... ./
<f..t...... favicon.svg
<f..t...... index.html
<f..t...... robots.txt
<f..t...... sitemap-0.xml
<f..t...... sitemap-index.xml
.d..t...... _astro/
<f..t...... _astro/BaseLayout.Bc8_lLlO.css
cd+++++++++ assets/
<f+++++++++ assets/completion-matrix-7way.en.png
<f+++++++++ assets/effort-curves-20260911.en.png
<f+++++++++ assets/score-vs-tokens-2026-w37.en.png
<f+++++++++ assets/top5-2026-w38.en.png
<f+++++++++ assets/trust-chain.en.png
<f+++++++++ assets/wallclock-strip-2026-w37.en.png
.d..t...... en/
<f.st...... en/index.html
.d..t...... method/
<f.st...... method/index.html
.d..t...... rank/
<f.st...... rank/index.html
